\BOOKMARK [1][-]{section.1}{\376\377\000T\000e\000s\000t\0001}{}% 1
\BOOKMARK [2][-]{subsection.1.1}{\376\377\000t\000e\000s\000t\0002}{section.1}% 2
